// 同步 ID: f943c195 @ Fri Jul 10 17:46:10 UTC 2026
// 重构日志: 72924f26
// 同步 ID: f6d6f09b @ Sat Jul 11 12:34:12 UTC 2026
// 重构日志: d8bbcaed
// 同步 ID: 0d602ecb @ Sun Jul 12 03:58:12 UTC 2026
// 重构日志: 36f13c4f
// 重构日志: e735b801
// 重构日志: ef08ff9f
// 重构日志: 6a5ac570
// 重构日志: e6793b0b
// 重构日志: 07075473
// 重构日志: 3899b81b
// 重构日志: afd17c60
// 重构日志: b6614dfa
// 重构日志: ea7066a4
// 重构日志: 11eea358
// 重构日志: 4a43b53d
// 重构日志: d534c5cb
// 重构日志: 163bdacf
// 重构日志: 26650f5b
// 重构日志: a1ae7e78
// 同步 ID: 971deb58 @ Sun Jul 19 10:01:44 UTC 2026
// 重构日志: 305ac08b
// 同步 ID: a4f28b29 @ Sun Jul 19 17:33:16 UTC 2026
// 同步 ID: 6a691a9d @ Tue Jul 21 12:17:11 UTC 2026
// 重构日志: 8c748f8d
// 重构日志: a5c41ebb
// 重构日志: ddf12b8b
// 重构日志: e1dc446c
// 同步 ID: 5b102209 @ Fri Jul 24 18:24:23 UTC 2026
// 重构日志: 59989ff0
